node.exe : [33m[1m[1
mΓùÅ[22m[1m 
Validation 
Warning[22m:[39m
No C:\Users\42287254811
\AppData\Roaming\npm\np
x.ps1:24 caractere:5
+     & "node$exe"  "$b
asedir/node_modules/npm
/bin/npx-cli.js" $args
+     ~~~~~~~~~~~~~~~~~
~~~~~~~~~~~~~~~~~~~~~~~
~~~~~~~~~~~~~~~~~~~~~~
    + CategoryInfo     
         : NotSpecifi  
  ed: ([33m[1m[1m   
 Γù...ning[22m:[3    
9m:String) [], Rem    
oteException
    + FullyQualifiedEr 
   rorId : NativeComm  
  andError
 
[33m[39m
[33m  Unknown option 
[1m"testPathPattern"[2
2m with value [1m"test
s/integration"[22m 
was found.[39m
[33m  This is 
probably a typing 
mistake. Fixing it 
will remove this 
message.[39m
[33m[39m
[33m  
[1mConfiguration Docum
entation:[22m[39m
[33m  https://jestjs.i
o/docs/configuration[3
9m
[33m[39m
[33m[1m[1mΓùÅ[22m[
1m Validation 
Warning[22m:[39m
[33m[39m
[33m  Unknown option 
[1m"testPathPattern"[2
2m with value [1m"test
s/integration"[22m 
was found.[39m
[33m  This is 
probably a typing 
mistake. Fixing it 
will remove this 
message.[39m
[33m[39m
[33m  
[1mConfiguration Docum
entation:[22m[39m
[33m  https://jestjs.i
o/docs/configuration[3
9m
[33m[39m
[0m[7m[1m[31m FAIL 
[39m[22m[27m[0m [2
mtests/integration/api/
v1/comments/[22m[1mpo
st.test.js[22m
  [31m├ù[39m 
[2mComment approval 
workflow (23 ms)[22m
  [31m├ù[39m 
[2mComment approval 
security and edge 
cases (2 ms)[22m
  [31m├ù[39m 
[2mPost comment count 
only considers 
approved comments (2 
ms)[22m

[1m[31m  [1mΓùÅ 
[22m[1mComment 
approval 
workflow[39m[22m

    TypeError: fetch 
failed
[2m[22m
[2m    [0m [90m 1 
|[39m 
test([32m"Comment 
approval workflow"[39m
[33m,[39m 
[36masync[39m () 
[33m=>[39m {[22m
[2m     [90m 2 
|[39m     [90m// 1. 
Cria um post para 
associar o 
coment├írio[39m[22m
[2m    [31m[1m>[22m
[2m[39m[90m 3 
|[39m     
[36mconst[39m 
postRes [33m=[39m 
[36mawait[39m fetch(
[32m"http://localhost:3
000/api/v1/posts"[39m
[33m,[39m {[22m
[2m     [90m   
|[39m                 
    [31m[1m^[22m[2m
[39m[22m
[2m     [90m 4 
|[39m         
method[33m:[39m [32m
"POST"[39m[33m,[39m
[22m
[2m     [90m 5 
|[39m         
headers[33m:[39m { [
32m"Content-Type"[39m
[33m:[39m [32m"applic
ation/json"[39m 
}[33m,[39m[22m
[2m     [90m 6 
|[39m         
body[33m:[39m [33mJS
ON[39m[33m.[39mstrin
gify({[0m[22m
[2m[22m
[2m      [2mat 
Object.<anonymous> ([2
2m[2m[0m[36mtests/in
tegration/api/v1/commen
ts/post.test.js[39m[0
m[2m:3:21)[22m[2m[2
2m

    Cause:
    AggregateError:
[2m[22m
[2m[22m

[1m[31m  [1mΓùÅ 
[22m[1mComment 
approval security and 
edge cases[39m[22m

    TypeError: fetch 
failed
[2m[22m
[2m    [0m [90m 55 
|[39m 
test([32m"Comment 
approval security and 
edge 
cases"[39m[33m,[39m 
[36masync[39m () 
[33m=>[39m {[22m
[2m     [90m 56 
|[39m     [90m// 
Tenta aprovar um 
coment├írio que n├úo 
existe[39m[22m
[2m    [31m[1m>[22m
[2m[39m[90m 57 
|[39m     
[36mconst[39m 
nonexistentRes 
[33m=[39m 
[36mawait[39m fetch(
[32m"http://localhost:3
000/api/v1/comments/999
999/approve"[39m[33m,
[39m {[22m
[2m     [90m    
|[39m                 
           [31m[1m^[
22m[2m[39m[22m
[2m     [90m 58 
|[39m         
method[33m:[39m [32m
"POST"[39m[33m,[39m
[22m
[2m     [90m 59 
|[39m         
headers[33m:[39m { [
32m"Content-Type"[39m
[33m:[39m [32m"applic
ation/json"[39m 
}[33m,[39m[22m
[2m     [90m 60 
|[39m         
body[33m:[39m [33mJS
ON[39m[33m.[39mstrin
gify({ admin_secret[33
m:[39m 
[32m"12345"[39m 
})[33m,[39m[0m[22m
[2m[22m
[2m      [2mat 
Object.<anonymous> ([2
2m[2m[0m[36mtests/in
tegration/api/v1/commen
ts/post.test.js[39m[0
m[2m:57:28)[22m[2m[
22m

    Cause:
    AggregateError:
[2m[22m
[2m[22m

[1m[31m  [1mΓùÅ 
[22m[1mPost comment 
count only considers 
approved 
comments[39m[22m

    TypeError: fetch 
failed
[2m[22m
[2m    [0m [90m 94 
|[39m test([32m"Post 
comment count only 
considers approved comm
ents"[39m[33m,[39m 
[36masync[39m () 
[33m=>[39m {[22m
[2m     [90m 95 
|[39m     [90m// 
Cria um post com 0 
coment├írios[39m[22m
[2m    [31m[1m>[22m
[2m[39m[90m 96 
|[39m     
[36mconst[39m 
postRes [33m=[39m 
[36mawait[39m fetch(
[32m"http://localhost:3
000/api/v1/posts"[39m
[33m,[39m {[22m
[2m     [90m    
|[39m                 
    [31m[1m^[22m[2m
[39m[22m
[2m     [90m 97 
|[39m         
method[33m:[39m [32m
"POST"[39m[33m,[39m
[22m
[2m     [90m 98 
|[39m         
headers[33m:[39m { [
32m"Content-Type"[39m
[33m:[39m [32m"applic
ation/json"[39m 
}[33m,[39m[22m
[2m     [90m 99 
|[39m         
body[33m:[39m [33mJS
ON[39m[33m.[39mstrin
gify({[0m[22m
[2m[22m
[2m      [2mat 
Object.<anonymous> ([2
2m[2m[0m[36mtests/in
tegration/api/v1/commen
ts/post.test.js[39m[0
m[2m:96:21)[22m[2m[
22m

    Cause:
    AggregateError:
[2m[22m
[2m[22m

[1mTest Suites: 
[22m[1m[31m1 
failed[39m[22m, 1 
total
[1mTests:       
[22m[1m[31m3 
failed[39m[22m, 3 
total
[1mSnapshots:   
[22m0 total
[1mTime:[22m        
0.204 s, estimated 1 s
[2mRan all test 
suites[22m[2m 
matching [22m/tests\\i
ntegration\\api\\v1\\co
mments\\post.test.js/i
[2m.[22m
